[reactheme.com/products/html/bizup/index.html]
[backblue.gif]
[fade.gif]
[index.html]
[reactheme.com/products/html/bizup/apple-touch-icon.png]
[reactheme.com/products/html/bizup/assets/images/fav.png]
[reactheme.com/products/html/bizup/index-2.html]
[reactheme.com/products/html/bizup/assets/images/logo.png]
[reactheme.com/products/html/bizup/assets/images/logo-dark.png]
[reactheme.com/products/html/bizup/index2.html]
[reactheme.com/products/html/bizup/index3.html]
[reactheme.com/products/html/bizup/index4.html]
[reactheme.com/products/html/bizup/index5.html]
[reactheme.com/products/html/bizup/index6.html]
[reactheme.com/products/html/bizup/onepage1.html]
[reactheme.com/products/html/bizup/onepage2.html]
[reactheme.com/products/html/bizup/onepage3.html]
[reactheme.com/products/html/bizup/onepage4.html]
[reactheme.com/products/html/bizup/onepage5.html]
[reactheme.com/products/html/bizup/onepage6.html]
[reactheme.com/products/html/bizup/about.html]
[reactheme.com/products/html/bizup/shop.html]
[reactheme.com/products/html/bizup/shop-single.html]
[reactheme.com/products/html/bizup/cart.html]
[reactheme.com/products/html/bizup/checkout.html]
[reactheme.com/products/html/bizup/my-account.html]
[reactheme.com/products/html/bizup/pricing-table.html]
[reactheme.com/products/html/bizup/team-style1.html]
[reactheme.com/products/html/bizup/team-style2.html]
[reactheme.com/products/html/bizup/team-style3.html]
[reactheme.com/products/html/bizup/team-single.html]
[reactheme.com/products/html/bizup/appointment.html]
[reactheme.com/products/html/bizup/careers.html]
[reactheme.com/products/html/bizup/faqs.html]
[reactheme.com/products/html/bizup/partners.html]
[reactheme.com/products/html/bizup/portfolio.html]
[reactheme.com/products/html/bizup/portfolio2.html]
[reactheme.com/products/html/bizup/portfolio3.html]
[reactheme.com/products/html/bizup/portfolio4.html]
[reactheme.com/products/html/bizup/portfolio5.html]
[reactheme.com/products/html/bizup/portfolio6.html]
[reactheme.com/products/html/bizup/portfolio7.html]
[reactheme.com/products/html/bizup/portfolios-filter.html]
[reactheme.com/products/html/bizup/services-style1.html]
[reactheme.com/products/html/bizup/services-style2.html]
[reactheme.com/products/html/bizup/business-planning.html]
[reactheme.com/products/html/bizup/tax-strategy.html]
[reactheme.com/products/html/bizup/financial-advices.html]
[reactheme.com/products/html/bizup/insurance-strategy.html]
[reactheme.com/products/html/bizup/start-ups.html]
[reactheme.com/products/html/bizup/manage-investment.html]
[reactheme.com/products/html/bizup/blog.html]
[reactheme.com/products/html/bizup/contact.html]
[reactheme.com/products/html/bizup/contact2.html]
[reactheme.com/products/html/bizup/contact3.html]
[reactheme.com/products/html/bizup/assets/images/off2.jpg]
[reactheme.com/products/html/bizup/assets/images/banner/style1/dot-rect.png]
[reactheme.com/products/html/bizup/assets/images/banner/style1/tri-circle1.png]
[reactheme.com/products/html/bizup/assets/images/banner/style1/circle1.png]
[reactheme.com/products/html/bizup/assets/images/banner/style1/line1.png]
[reactheme.com/products/html/bizup/assets/images/about/about.png]
[reactheme.com/products/html/bizup/assets/images/services/main-home/1.png]
[reactheme.com/products/html/bizup/assets/images/services/main-home/2.png]
[reactheme.com/products/html/bizup/assets/images/services/main-home/3.png]
[reactheme.com/products/html/bizup/assets/images/services/main-home/4.png]
[reactheme.com/products/html/bizup/assets/images/services/main-home/5.png]
[reactheme.com/products/html/bizup/assets/images/services/main-home/6.png]
[reactheme.com/products/html/bizup/assets/images/project/style1/1.jpg]
[reactheme.com/products/html/bizup/project-single.html]
[reactheme.com/products/html/bizup/assets/images/project/style1/2.jpg]
[reactheme.com/products/html/bizup/assets/images/project/style1/3.jpg]
[reactheme.com/products/html/bizup/assets/images/project/style1/4.jpg]
[reactheme.com/products/html/bizup/assets/images/project/style1/5.jpg]
[reactheme.com/products/html/bizup/assets/images/project/style1/6.jpg]
[reactheme.com/products/html/bizup/assets/images/team/1.jpg]
[reactheme.com/products/html/bizup/assets/images/team/2.jpg]
[reactheme.com/products/html/bizup/assets/images/team/3.jpg]
[reactheme.com/products/html/bizup/assets/images/team/4.jpg]
[reactheme.com/products/html/bizup/assets/images/choose/chosse-video.jpg]
[reactheme.com/products/html/bizup/assets/images/choose/icons/1.png]
[reactheme.com/products/html/bizup/assets/images/choose/icons/2.png]
[reactheme.com/products/html/bizup/assets/images/choose/icons/3.png]
[reactheme.com/products/html/bizup/assets/images/testimonial/testi.png]
[reactheme.com/products/html/bizup/assets/images/testimonial/quote.png]
[reactheme.com/products/html/bizup/assets/images/testimonial/avatar/1.jpg]
[reactheme.com/products/html/bizup/assets/images/testimonial/avatar/2.jpg]
[reactheme.com/products/html/bizup/assets/images/testimonial/avatar/3.jpg]
[reactheme.com/products/html/bizup/assets/images/testimonial/avatar/4.jpg]
[reactheme.com/products/html/bizup/blog-details.html]
[reactheme.com/products/html/bizup/assets/images/blog/1.jpg]
[reactheme.com/products/html/bizup/assets/images/blog/2.jpg]
[reactheme.com/products/html/bizup/assets/images/blog/3.jpg]
[reactheme.com/products/html/bizup/assets/images/blog/4.jpg]
[reactheme.com/products/html/bizup/assets/images/blog/5.jpg]
[reactheme.com/products/html/bizup/assets/images/blog/6.jpg]
[reactheme.com/products/html/bizup/assets/images/contact/icons/1.png]
[reactheme.com/products/html/bizup/assets/images/contact/icons/2.png]
[reactheme.com/products/html/bizup/assets/images/contact/icons/3.png]
[reactheme.com/products/html/bizup/assets/images/contact/icons/4.png]
[reactheme.com/products/html/bizup/assets/js/modernizr-2.8.3.min.js]
[reactheme.com/products/html/bizup/assets/js/jquery.min.js]
[reactheme.com/products/html/bizup/assets/js/bootstrap.min.js]
[reactheme.com/products/html/bizup/assets/js/jquery.nav.js]
[reactheme.com/products/html/bizup/assets/js/isotope.pkgd.min.js]
[reactheme.com/products/html/bizup/assets/js/owl.carousel.min.js]
[reactheme.com/products/html/bizup/assets/js/wow.min.js]
[reactheme.com/products/html/bizup/assets/js/skill.bars.jquery.js]
[reactheme.com/products/html/bizup/assets/js/imagesloaded.pkgd.min.js]
[reactheme.com/products/html/bizup/assets/js/waypoints.min.js]
[reactheme.com/products/html/bizup/assets/js/jquery.counterup.min.js]
[reactheme.com/products/html/bizup/assets/js/jquery.magnific-popup.min.js]
[reactheme.com/products/html/bizup/assets/js/contact.form.js]
[reactheme.com/products/html/bizup/assets/js/main.js]
[reactheme.com/products/html/bizup/index.html]
[reactheme.com/products/html/bizup/apple-touch-icon.html]
[reactheme.com/products/html/bizup/assets/css/bootstrap.min.css]
[reactheme.com/products/html/bizup/assets/fonts/fontawesome-webfont3e6e.eot]
[reactheme.com/products/html/bizup/assets/fonts/fontawesome-webfontd41d.eot]
[reactheme.com/products/html/bizup/assets/fonts/fontawesome-webfont3e6e.woff2]
[reactheme.com/products/html/bizup/assets/fonts/fontawesome-webfont3e6e.woff]
[reactheme.com/products/html/bizup/assets/fonts/fontawesome-webfont3e6e.ttf]
[reactheme.com/products/html/bizup/assets/css/font-awesome.min.css]
[reactheme.com/products/html/bizup/assets/fonts/Flaticon.eot]
[reactheme.com/products/html/bizup/assets/fonts/Flaticond41d.eot]
[reactheme.com/products/html/bizup/assets/fonts/Flaticon.woff2]
[reactheme.com/products/html/bizup/assets/fonts/Flaticon.woff]
[reactheme.com/products/html/bizup/assets/fonts/Flaticon.ttf]
[reactheme.com/products/html/bizup/assets/fonts/flaticon.css]
[reactheme.com/products/html/bizup/assets/css/animate.css]
[reactheme.com/products/html/bizup/assets/css/owl.video.play.png]
[reactheme.com/products/html/bizup/assets/css/owl.carousel.css]
[reactheme.com/products/html/bizup/assets/css/off-canvas.css]
[reactheme.com/products/html/bizup/assets/css/magnific-popup.css]
[reactheme.com/products/html/bizup/assets/css/rsmenu-main.css]
[reactheme.com/products/html/bizup/assets/css/rs-spacing.css]
[reactheme.com/products/html/bizup/assets/images/bg/about-bg.png]
[reactheme.com/products/html/bizup/assets/images/bg/ser-bg.png]
[reactheme.com/products/html/bizup/assets/images/bg/portfolio-bg.png]
[reactheme.com/products/html/bizup/assets/images/bg/team-bg.jpg]
[reactheme.com/products/html/bizup/assets/images/bg/choose-bg.jpg]
[reactheme.com/products/html/bizup/assets/images/bg/testi-bg.png]
[reactheme.com/products/html/bizup/assets/images/bg/blog-bg.jpg]
[reactheme.com/products/html/bizup/assets/images/bg/contact-bg.jpg]
[reactheme.com/products/html/bizup/assets/images/bg/contact-bg-3.jpg]
[reactheme.com/products/html/bizup/assets/images/bg/testi-bg2.jpg]
[reactheme.com/products/html/bizup/assets/images/bg/contact-bg-2.jpg]
[reactheme.com/products/html/bizup/assets/images/bg/about-bg2.jpg]
[reactheme.com/products/html/bizup/assets/images/bg/cta-bg.png]
[reactheme.com/products/html/bizup/assets/images/bg/ser-bg3.jpg]
[reactheme.com/products/html/bizup/assets/images/bg/choose-bg3.jpg]
[reactheme.com/products/html/bizup/assets/images/bg/testi-bg3.jpg]
[reactheme.com/products/html/bizup/assets/images/bg/team-bg3.jpg]
[reactheme.com/products/html/bizup/assets/images/bg/con-bg4.jpg]
[reactheme.com/products/html/bizup/assets/images/bg/blog-bg3.jpg]
[reactheme.com/products/html/bizup/assets/images/bg/service-bg4.jpg]
[reactheme.com/products/html/bizup/assets/images/bg/about-bg4.png]
[reactheme.com/products/html/bizup/assets/images/bg/testi-bg4.jpg]
[reactheme.com/products/html/bizup/assets/images/bg/project-single-bg.jpg]
[reactheme.com/products/html/bizup/assets/images/bg/project-single-bg2.jpg]
[reactheme.com/products/html/bizup/assets/images/bg/count-bg5.jpg]
[reactheme.com/products/html/bizup/assets/images/bg/project-bg5.jpg]
[reactheme.com/products/html/bizup/assets/images/background/shape/shape-bg.png]
[reactheme.com/products/html/bizup/assets/images/close.png]
[reactheme.com/products/html/bizup/assets/images/appointment/1.jpg]
[reactheme.com/products/html/bizup/assets/images/careers/2.jpg]
[reactheme.com/products/html/bizup/assets/images/breadcrumbs/inr_1.jpg]
[reactheme.com/products/html/bizup/assets/images/breadcrumbs/inr_2.jpg]
[reactheme.com/products/html/bizup/assets/images/breadcrumbs/inr_3.jpg]
[reactheme.com/products/html/bizup/assets/images/breadcrumbs/inr_4.jpg]
[reactheme.com/products/html/bizup/assets/images/breadcrumbs/inr_5.jpg]
[reactheme.com/products/html/bizup/assets/images/breadcrumbs/inr_6.jpg]
[reactheme.com/products/html/bizup/assets/images/breadcrumbs/inr_7.jpg]
[reactheme.com/products/html/bizup/assets/images/breadcrumbs/inr_8.jpg]
[reactheme.com/products/html/bizup/assets/images/breadcrumbs/inr_9.jpg]
[reactheme.com/products/html/bizup/assets/images/breadcrumbs/inr_10.jpg]
[reactheme.com/products/html/bizup/assets/images/banner/style1/main-banner.png]
[reactheme.com/products/html/bizup/assets/images/banner/banner2.jpg]
[reactheme.com/products/html/bizup/assets/images/banner/home_banner6.jpg]
[reactheme.com/products/html/bizup/assets/images/careers/1.jpg]
[reactheme.com/products/html/bizup/assets/images/video/faq.jpg]
[reactheme.com/products/html/bizup/assets/images/services/single/side-img.jpg]
[reactheme.com/products/html/bizup/assets/images/choose/call-us.jpg]
[reactheme.com/products/html/bizup/assets/images/process/style1/steps.png]
[reactheme.com/products/html/bizup/assets/images/testimonial/test-bg.jpg]
[reactheme.com/products/html/bizup/assets/images/contact/con-box.png]
[reactheme.com/products/html/bizup/assets/images/contact/box-bg2.png]
[reactheme.com/products/html/bizup/assets/images/contact/box-bg3.png]
[reactheme.com/products/html/bizup/assets/images/contact/office.jpg]
[reactheme.com/products/html/bizup/assets/images/contact/con-home3.jpg]
[reactheme.com/products/html/bizup/assets/images/footer-bg.png]
[reactheme.com/products/html/bizup/style.css]
[reactheme.com/products/html/bizup/assets/css/responsive.css]
[reactheme.com/products/html/bizup/index-2.html]
[reactheme.com/products/html/bizup/assets/images/slider/h2-sl1.webp]
[reactheme.com/products/html/bizup/assets/images/slider/h2-sl2.webp]
[reactheme.com/products/html/bizup/assets/images/services/style2/1.jpg]
[reactheme.com/products/html/bizup/assets/images/services/style2/2.jpg]
[reactheme.com/products/html/bizup/assets/images/services/style2/3.jpg]
[reactheme.com/products/html/bizup/assets/images/services/style2/4.jpg]
[reactheme.com/products/html/bizup/assets/images/services/style2/5.jpg]
[reactheme.com/products/html/bizup/assets/images/services/style2/6.jpg]
[reactheme.com/products/html/bizup/assets/images/about/about-2.png]
[reactheme.com/products/html/bizup/assets/images/partner/main-home/1.png]
[reactheme.com/products/html/bizup/assets/images/partner/main-home/2.png]
[reactheme.com/products/html/bizup/assets/images/partner/main-home/3.png]
[reactheme.com/products/html/bizup/assets/images/partner/main-home/4.png]
[reactheme.com/products/html/bizup/assets/images/partner/main-home/5.png]
[reactheme.com/products/html/bizup/assets/images/partner/main-home/6.png]
[reactheme.com/products/html/bizup/assets/images/partner/main-home/7.png]
[reactheme.com/products/html/bizup/assets/images/services/style3/1.png]
[reactheme.com/products/html/bizup/assets/images/services/style3/2.png]
[reactheme.com/products/html/bizup/assets/images/services/style3/3.png]
[reactheme.com/products/html/bizup/assets/images/choose/choose-2.png]
[reactheme.com/products/html/bizup/assets/images/services/style3/4.png]
[reactheme.com/products/html/bizup/assets/images/services/style3/5.png]
[reactheme.com/products/html/bizup/assets/images/services/style3/6.png]
[reactheme.com/products/html/bizup/assets/images/counter/icons/1.png]
[reactheme.com/products/html/bizup/assets/images/counter/icons/2.png]
[reactheme.com/products/html/bizup/assets/images/counter/icons/3.png]
[reactheme.com/products/html/bizup/assets/images/counter/icons/4.png]
[reactheme.com/products/html/bizup/assets/images/project/style2/1.jpg]
[reactheme.com/products/html/bizup/assets/images/project/style2/2.jpg]
[reactheme.com/products/html/bizup/assets/images/project/style2/3.jpg]
[reactheme.com/products/html/bizup/assets/images/project/style2/4.jpg]
[reactheme.com/products/html/bizup/assets/images/project/style2/5.jpg]
[reactheme.com/products/html/bizup/assets/images/project/style2/6.jpg]
[reactheme.com/products/html/bizup/assets/images/project/style2/7.jpg]
[reactheme.com/products/html/bizup/assets/images/process/style1/1.png]
[reactheme.com/products/html/bizup/assets/images/process/style1/2.png]
[reactheme.com/products/html/bizup/assets/images/process/style1/3.png]
[reactheme.com/products/html/bizup/assets/images/process/style1/4.png]
[reactheme.com/products/html/bizup/assets/images/testimonial/ratting.png]
[reactheme.com/products/html/bizup/assets/images/contact/computer.jpg]
[reactheme.com/products/html/bizup/assets/inc/custom-slider/js/jquery.nivo.slider.js]
[reactheme.com/products/html/bizup/index2.html]
[reactheme.com/products/html/bizup/assets/images/logo-dark2.png]
[reactheme.com/products/html/bizup/assets/images/slider/h3-sl1.jpg]
[reactheme.com/products/html/bizup/assets/images/slider/h3-sl2.jpg]
[reactheme.com/products/html/bizup/assets/images/services/style5/icons/1.png]
[reactheme.com/products/html/bizup/assets/images/services/style5/icons/2.png]
[reactheme.com/products/html/bizup/assets/images/services/style5/icons/3.png]
[reactheme.com/products/html/bizup/assets/images/services/style5/icons/4.png]
[reactheme.com/products/html/bizup/assets/images/about/home3/about-1.jpg]
[reactheme.com/products/html/bizup/assets/images/about/home3/3.png]
[reactheme.com/products/html/bizup/assets/images/about/home3/2.png]
[reactheme.com/products/html/bizup/assets/images/services/style5/1.png]
[reactheme.com/products/html/bizup/assets/images/services/style5/2.png]
[reactheme.com/products/html/bizup/assets/images/services/style5/3.png]
[reactheme.com/products/html/bizup/assets/images/services/style5/4.png]
[reactheme.com/products/html/bizup/assets/images/services/style5/5.png]
[reactheme.com/products/html/bizup/assets/images/services/style5/6.png]
[reactheme.com/products/html/bizup/assets/images/project/style3/1.jpg]
[reactheme.com/products/html/bizup/assets/images/project/style3/2.jpg]
[reactheme.com/products/html/bizup/assets/images/project/style3/3.jpg]
[reactheme.com/products/html/bizup/assets/images/project/style3/4.jpg]
[reactheme.com/products/html/bizup/assets/images/project/style3/5.jpg]
[reactheme.com/products/html/bizup/assets/images/project/style3/6.jpg]
[reactheme.com/products/html/bizup/assets/images/project/style3/7.jpg]
[reactheme.com/products/html/bizup/assets/images/project/style3/8.jpg]
[reactheme.com/products/html/bizup/assets/images/video/choose-video.jpg]
[reactheme.com/products/html/bizup/assets/images/team/5.jpg]
[reactheme.com/products/html/bizup/assets/images/team/6.jpg]
[reactheme.com/products/html/bizup/blog-details]
[reactheme.com/products/html/bizup/assets/images/logo-lite.png]
[reactheme.com/products/html/bizup/index3.html]
[reactheme.com/products/html/bizup/assets/images/logo-orange.png]
[reactheme.com/products/html/bizup/assets/images/slider/h4-sl1.jpg]
[reactheme.com/products/html/bizup/assets/images/slider/h4-sl2.jpg]
[reactheme.com/products/html/bizup/assets/images/services/style6/icon-box/1.png]
[reactheme.com/products/html/bizup/assets/images/services/style6/icon-box/2.png]
[reactheme.com/products/html/bizup/assets/images/services/style6/icon-box/3.png]
[reactheme.com/products/html/bizup/assets/images/services/style6/icon-box/4.png]
[reactheme.com/products/html/bizup/assets/images/about/home4/about-1.png]
[reactheme.com/products/html/bizup/assets/images/about/home4/1.png]
[reactheme.com/products/html/bizup/assets/images/about/home4/2.png]
[reactheme.com/products/html/bizup/assets/images/services/style6/1.png]
[reactheme.com/products/html/bizup/assets/images/services/style6/2.png]
[reactheme.com/products/html/bizup/assets/images/services/style6/3.png]
[reactheme.com/products/html/bizup/assets/images/services/style6/4.png]
[reactheme.com/products/html/bizup/assets/images/services/style6/5.png]
[reactheme.com/products/html/bizup/assets/images/services/style6/6.png]
[reactheme.com/products/html/bizup/assets/images/project/portfolio.jpg]
[reactheme.com/products/html/bizup/assets/images/choose/statistics.jpg]
[reactheme.com/products/html/bizup/assets/images/contact/contact-h4.jpg]
[reactheme.com/products/html/bizup/assets/images/logo-orange-white.png]
[reactheme.com/products/html/bizup/index4.html]
[reactheme.com/products/html/bizup/assets/images/logo-blue.png]
[reactheme.com/products/html/bizup/assets/images/blue-dark.png]
[reactheme.com/products/html/bizup/assets/images/services/style7/icons/1.png]
[reactheme.com/products/html/bizup/assets/images/services/style7/icons/2.png]
[reactheme.com/products/html/bizup/assets/images/services/style7/icons/3.png]
[reactheme.com/products/html/bizup/assets/images/about/about-5.jpg]
[reactheme.com/products/html/bizup/assets/images/services/style7/1.png]
[reactheme.com/products/html/bizup/assets/images/services/style7/3.png]
[reactheme.com/products/html/bizup/assets/images/services/style7/2.png]
[reactheme.com/products/html/bizup/assets/images/services/style7/4.png]
[reactheme.com/products/html/bizup/assets/images/blue.png]
[reactheme.com/products/html/bizup/assets/images/counter/icons/home5/1.png]
[reactheme.com/products/html/bizup/assets/images/counter/icons/home5/2.png]
[reactheme.com/products/html/bizup/assets/images/counter/icons/home5/3.png]
[reactheme.com/products/html/bizup/assets/images/counter/icons/home5/4.png]
[reactheme.com/products/html/bizup/assets/images/testimonial/testi-5.jpg]
[reactheme.com/products/html/bizup/assets/images/testimonial/quote2.png]
[reactheme.com/products/html/bizup/index5.html]
[reactheme.com/products/html/bizup/assets/images/logo-6.png]
[reactheme.com/products/html/bizup/assets/images/logo_light6.png]
[reactheme.com/products/html/bizup/assets/images/about/about.jpg]
[reactheme.com/products/html/bizup/assets/images/pattern/pattern1.png]
[reactheme.com/products/html/bizup/assets/images/testimonial/1.png]
[reactheme.com/products/html/bizup/assets/images/testimonial/2.png]
[reactheme.com/products/html/bizup/assets/images/testimonial/3.png]
[reactheme.com/products/html/bizup/assets/images/testimonial/4.png]
[reactheme.com/products/html/bizup/assets/images/testimonial/5.png]
[reactheme.com/products/html/bizup/assets/images/pattern/pattern2.png]
[reactheme.com/products/html/bizup/assets/images/pattern/pattern3.png]
[reactheme.com/products/html/bizup/assets/images/partner/1.png]
[reactheme.com/products/html/bizup/assets/images/partner/2.png]
[reactheme.com/products/html/bizup/assets/images/partner/3.png]
[reactheme.com/products/html/bizup/assets/images/partner/4.png]
[reactheme.com/products/html/bizup/assets/images/partner/5.png]
[reactheme.com/products/html/bizup/assets/images/partner/6.png]
[reactheme.com/products/html/bizup/assets/images/achievement/achievement.jpg]
[reactheme.com/products/html/bizup/assets/images/pattern/pattern4.png]
[reactheme.com/products/html/bizup/assets/images/estimate/estimate.png]
[reactheme.com/products/html/bizup/assets/images/pattern/pattern5.png]
[reactheme.com/products/html/bizup/assets/images/pattern/pattern6.png]
[reactheme.com/products/html/bizup/assets/images/blog/home-6/1.jpg]
[reactheme.com/products/html/bizup/assets/images/blog/home-6/avatar.jpg]
[reactheme.com/products/html/bizup/assets/images/blog/home-6/2.jpg]
[reactheme.com/products/html/bizup/assets/images/blog/home-6/3.jpg]
[reactheme.com/products/html/bizup/assets/images/pattern/pattern8.png]
[reactheme.com/products/html/bizup/assets/images/pattern/pattern9.png]
[reactheme.com/products/html/bizup/assets/images/pattern/pattern7.png]
[reactheme.com/products/html/bizup/index6.html]
[reactheme.com/products/html/bizup/onepage1.html]
[reactheme.com/products/html/bizup/assets/js/pointer.js]
[reactheme.com/products/html/bizup/onepage2.html]
[reactheme.com/products/html/bizup/onepage3.html]
[reactheme.com/products/html/bizup/onepage4.html]
[reactheme.com/products/html/bizup/onepage5.html]
[reactheme.com/products/html/bizup/onepage6.html]
[reactheme.com/products/html/bizup/assets/images/about/about-3.png]
[reactheme.com/products/html/bizup/assets/images/about/tri-circle-1.png]
[reactheme.com/products/html/bizup/assets/images/pricing/style1/1.png]
[reactheme.com/products/html/bizup/assets/images/pricing/style1/2.png]
[reactheme.com/products/html/bizup/assets/images/pricing/style1/3.png]
[reactheme.com/products/html/bizup/about.html]
[reactheme.com/products/html/bizup/assets/images/shop/1.jpg]
[reactheme.com/products/html/bizup/assets/images/shop/2.jpg]
[reactheme.com/products/html/bizup/assets/images/shop/3.jpg]
[reactheme.com/products/html/bizup/assets/images/shop/4.jpg]
[reactheme.com/products/html/bizup/assets/images/shop/5.jpg]
[reactheme.com/products/html/bizup/assets/images/shop/6.jpg]
[reactheme.com/products/html/bizup/assets/images/shop/7.jpg]
[reactheme.com/products/html/bizup/assets/images/shop/8.jpg]
[reactheme.com/products/html/bizup/assets/images/shop/9.jpg]
[reactheme.com/products/html/bizup/shop.html]
[reactheme.com/products/html/bizup/shop-single.html]
[reactheme.com/products/html/bizup/cart.html]
[reactheme.com/products/html/bizup/assets/images/paypal.png]
[reactheme.com/products/html/bizup/checkout.html]
[reactheme.com/products/html/bizup/my-account.html]
[reactheme.com/products/html/bizup/pricing-table.html]
[reactheme.com/products/html/bizup/team-style1.html]
[reactheme.com/products/html/bizup/team-style2.html]
[reactheme.com/products/html/bizup/team-style3.html]
[reactheme.com/products/html/bizup/team-single.html]
[reactheme.com/products/html/bizup/appointment.html]
[reactheme.com/products/html/bizup/assets/images/careers/icons/1.png]
[reactheme.com/products/html/bizup/assets/images/careers/icons/2.png]
[reactheme.com/products/html/bizup/assets/images/careers/icons/3.png]
[reactheme.com/products/html/bizup/assets/images/careers/icons/4.png]
[reactheme.com/products/html/bizup/careers.html]
[reactheme.com/products/html/bizup/faqs.html]
[reactheme.com/products/html/bizup/partners.html]
[reactheme.com/products/html/bizup/portfolio.html]
[reactheme.com/products/html/bizup/portfolio2.html]
[reactheme.com/products/html/bizup/portfolio3.html]
[reactheme.com/products/html/bizup/portfolio4.html]
[reactheme.com/products/html/bizup/portfolio5.html]
[reactheme.com/products/html/bizup/portfolio6.html]
[reactheme.com/products/html/bizup/portfolio7.html]
[reactheme.com/products/html/bizup/project.html]
[reactheme.com/products/html/bizup/portfolios-filter.html]
[reactheme.com/products/html/bizup/services-style1.html]
[reactheme.com/products/html/bizup/services-style2.html]
[reactheme.com/products/html/bizup/assets/images/about/about-4.png]
[reactheme.com/products/html/bizup/business-planning.html]
[reactheme.com/products/html/bizup/assets/images/services/single/1.jpg]
[reactheme.com/products/html/bizup/assets/images/services/single/2.jpg]
[reactheme.com/products/html/bizup/assets/images/services/single/3.jpg]
[reactheme.com/products/html/bizup/tax-strategy.html]
[reactheme.com/products/html/bizup/financial-advices.html]
[reactheme.com/products/html/bizup/insurance-strategy.html]
[reactheme.com/products/html/bizup/start-ups.html]
[reactheme.com/products/html/bizup/manage-investment.html]
[reactheme.com/products/html/bizup/assets/images/blog/inner/style2/1.jpg]
[reactheme.com/products/html/bizup/assets/images/blog/inner/style2/2.jpg]
[reactheme.com/products/html/bizup/assets/images/blog/inner/style2/3.jpg]
[reactheme.com/products/html/bizup/branding.html]
[reactheme.com/products/html/bizup/digital-marketing.html]
[reactheme.com/products/html/bizup/e-commerce.html]
[reactheme.com/products/html/bizup/graphic-design.html]
[reactheme.com/products/html/bizup/assets/images/blog/inner/style1/1.jpg]
[reactheme.com/products/html/bizup/assets/images/blog/inner/style1/2.jpg]
[reactheme.com/products/html/bizup/assets/images/blog/inner/style1/3.jpg]
[reactheme.com/products/html/bizup/assets/images/blog/inner/style1/4.jpg]
[reactheme.com/products/html/bizup/blog-single]
[reactheme.com/products/html/bizup/blog.html]
[reactheme.com/products/html/bizup/contact.html]
[reactheme.com/products/html/bizup/assets/images/contact/icons/5.png]
[reactheme.com/products/html/bizup/assets/images/contact/icons/6.png]
[reactheme.com/products/html/bizup/assets/images/contact/icons/7.png]
[reactheme.com/products/html/bizup/contact2.html]
[reactheme.com/products/html/bizup/contact3.html]
[reactheme.com/products/html/bizup/assets/images/project/slide/1.jpg]
[reactheme.com/products/html/bizup/assets/images/project/slide/2.jpg]
[reactheme.com/products/html/bizup/assets/images/project/pro-final.png]
[reactheme.com/products/html/bizup/project-single.html]
[reactheme.com/products/html/bizup/blog-details.html]
[reactheme.com/products/html/bizup/assets/fonts/fontawesome-webfont3e6e.svg]
[reactheme.com/products/html/bizup/assets/fonts/Flaticon.svg]
[reactheme.com/products/html/bizup/assets/css/owl.video.play.html]
[reactheme.com/products/html/bizup/assets/images/choose/call-us.html]
[reactheme.com/products/html/bizup/assets/inc/custom-slider/css/nivo-slider.css]
[reactheme.com/products/html/bizup/assets/inc/custom-slider/img/loading.gif]
[reactheme.com/products/html/bizup/assets/inc/custom-slider/img/bullets.png]
[reactheme.com/products/html/bizup/assets/inc/custom-slider/img/arrows.png]
[reactheme.com/products/html/bizup/assets/inc/custom-slider/css/preview.css]
[reactheme.com/products/html/bizup/blog-details-2.html]
[reactheme.com/products/html/bizup/assets/images/icons/head.svg]
[reactheme.com/products/html/bizup/assets/images/icons/data-processing.svg]
[reactheme.com/products/html/bizup/assets/images/icons/risks.svg]
[reactheme.com/products/html/bizup/assets/images/icons/branding.svg]
[reactheme.com/products/html/bizup/assets/images/icons/content-writing.svg]
[reactheme.com/products/html/bizup/assets/images/icons/clipboard.svg]
[reactheme.com/products/html/bizup/assets/js/pointer.html]
[reactheme.com/products/html/bizup/project.html]
[reactheme.com/products/html/bizup/branding.html]
[reactheme.com/products/html/bizup/digital-marketing.html]
[reactheme.com/products/html/bizup/e-commerce.html]
[reactheme.com/products/html/bizup/graphic-design.html]
[reactheme.com/products/html/bizup/blog-single.html]
[reactheme.com/products/html/bizup/assets/inc/custom-slider/img/loading.html]
[reactheme.com/products/html/bizup/assets/inc/custom-slider/img/bullets.html]
[reactheme.com/products/html/bizup/assets/inc/custom-slider/img/arrows.html]
